MSBuild version 17.14.51+25f168cee for .NET Framework
Build started 28/07/2026 12:28:17.

Project "F:\DevProject\winscp\source\My.cbproj" on node 1 (Rebuild target(s)).
_PasCompileAll:
  Compiling packages\my\ComboEdit.pas;packages\my\DiscMon.pas;packages\my\GrayedCheckBox.pas;packages\my\IEListView.pas;packages\my\ListViewColProperties.pas;packages\my\NortonLikeListView.pas;packages\my\PasTools.pas;packages\my\PathLabel.pas;packages\my\CompThread.pas;packages\my\OperationWithTimeout.pas;packages\my\DirectoryMonitor.pas;packages\my\UpDownEdit.pas using temporary file pasall.tmp
_PasCoreCompile:
  C:\Program Files (x86)\Embarcadero\Studio\37.0\bin\dcc32.exe -$C- -B -AGenerics.Collections=System.Generics.Collections;Generics.Defaults=System.Generics.Defaults;WinTypes=Winapi.Windows;WinProcs=Winapi.Windows;DbiTypes=BDE;DbiProcs=BDE;DbiErrs=BDE -DNDEBUG;UNICODE -I"c:\program files (x86)\embarcadero\studio\37.0\lib\Win32\release";"I:\OneDrive - MSFT\Documents\Embarcadero\Studio\37.0\Imports";"I:\OneDrive - MSFT\Documents\Embarcadero\Studio\37.0\Imports\Win32";"C:\Program Files (x86)\Embarcadero\Studio\37.0\Imports";C:\Users\Public\Documents\Embarcadero\Studio\37.0\Dcp;"C:\Program Files (x86)\Embarcadero\Studio\37.0\include" -LE\Win32\Release -NU\Win32\Release -NSSystem;Xml;Data;Datasnap;Web;Soap;Vcl;Winapi;System.Win;Data.Win;Datasnap.Win;Web.Win;Soap.Win;Xml.Win -O"c:\program files (x86)\embarcadero\studio\37.0\lib\Win32\release";"I:\OneDrive - MSFT\Documents\Embarcadero\Studio\37.0\Imports";"I:\OneDrive - MSFT\Documents\Embarcadero\Studio\37.0\Imports\Win32";"C:\Program Files (x86)\Embarcadero\Studio\37.0\Imports";C:\Users\Public\Documents\Embarcadero\Studio\37.0\Dcp;"C:\Program Files (x86)\Embarcadero\Studio\37.0\include" -R"c:\program files (x86)\embarcadero\studio\37.0\lib\Win32\release";"I:\OneDrive - MSFT\Documents\Embarcadero\Studio\37.0\Imports";"I:\OneDrive - MSFT\Documents\Embarcadero\Studio\37.0\Imports\Win32";"C:\Program Files (x86)\Embarcadero\Studio\37.0\Imports";C:\Users\Public\Documents\Embarcadero\Studio\37.0\Dcp;"C:\Program Files (x86)\Embarcadero\Studio\37.0\include" -U"c:\program files (x86)\embarcadero\studio\37.0\lib\Win32\release";"I:\OneDrive - MSFT\Documents\Embarcadero\Studio\37.0\Imports";"I:\OneDrive - MSFT\Documents\Embarcadero\Studio\37.0\Imports\Win32";"C:\Program Files (x86)\Embarcadero\Studio\37.0\Imports";C:\Users\Public\Documents\Embarcadero\Studio\37.0\Dcp;"C:\Program Files (x86)\Embarcadero\Studio\37.0\include" -JPHNE -NB\Win32\Release -NO\Win32\Release -W+UNSAFE_TYPE --BCB -CG pasall.tmp    
  This version of the product does not support command line compiling.
_PasCompileAll:
  Deleting file "pasall.tmp".
_CLANGCoreCompile:
  C:\Program Files (x86)\Embarcadero\Studio\37.0\bin\bcc32c.exe -cc1 -D NDEBUG -D UNICODE -D USEPACKAGES -output-dir \Win32\Release -I F:\DevProject\winscp\source -I packages\my -I core -I "C:\Program Files (x86)\Embarcadero\Studio\37.0\include" -I "C:\Program Files (x86)\Embarcadero\Studio\37.0\include\windows\vcl" -isystem "C:\Program Files (x86)\Embarcadero\Studio\37.0\include" -isystem "C:\Program Files (x86)\Embarcadero\Studio\37.0\include\dinkumware64" -isystem "C:\Program Files (x86)\Embarcadero\Studio\37.0\include\windows\crtl" -isystem "C:\Program Files (x86)\Embarcadero\Studio\37.0\include\windows\sdk" -isystem "C:\Program Files (x86)\Embarcadero\Studio\37.0\include\windows\rtl" -isystem "C:\Program Files (x86)\Embarcadero\Studio\37.0\include\windows\vcl" -isystem "C:\Program Files (x86)\Embarcadero\Studio\37.0\include\windows\fmx" -isystem C:\Users\Public\Documents\Embarcadero\Studio\37.0\hpp\Win32 -isystem C:\Users\Public\Documents\Embarcadero\Studio\37.0\hpp\Win32 -fcxx-exceptions -fborland-extensions -fdiagnostics-format borland -nobuiltininc -nostdsysteminc -triple i686-pc-windows-omf -emit-obj -mrelocation-model static -masm-verbose -ffunction-sections -fexceptions -fseh -mstack-alignment=16 -fno-spell-checking -fno-use-cxa-atexit -fno-threadsafe-statics -x c++ -std=c++17 -O2 -fmath-errno -tP -tD -tM -tU -o \Win32\Release\My.obj --auto-dependency-output -MT \Win32\Release\My.obj -Wall  -Wno-ignored-attributes -Wno-padded -Wno-language-extension-token -Wno-c99-extensions -Wno-c++98-compat-pedantic -Wno-zero-as-null-pointer-constant -Wno-global-constructors My.cpp 
_CLANGCoreCompile:
  C:\Program Files (x86)\Embarcadero\Studio\37.0\bin\bcc32c.exe -cc1 -D NDEBUG -D UNICODE -D USEPACKAGES -output-dir \Win32\Release -I F:\DevProject\winscp\source -I packages\my -I core -I "C:\Program Files (x86)\Embarcadero\Studio\37.0\include" -I "C:\Program Files (x86)\Embarcadero\Studio\37.0\include\windows\vcl" -isystem "C:\Program Files (x86)\Embarcadero\Studio\37.0\include" -isystem "C:\Program Files (x86)\Embarcadero\Studio\37.0\include\dinkumware64" -isystem "C:\Program Files (x86)\Embarcadero\Studio\37.0\include\windows\crtl" -isystem "C:\Program Files (x86)\Embarcadero\Studio\37.0\include\windows\sdk" -isystem "C:\Program Files (x86)\Embarcadero\Studio\37.0\include\windows\rtl" -isystem "C:\Program Files (x86)\Embarcadero\Studio\37.0\include\windows\vcl" -isystem "C:\Program Files (x86)\Embarcadero\Studio\37.0\include\windows\fmx" -isystem C:\Users\Public\Documents\Embarcadero\Studio\37.0\hpp\Win32 -isystem C:\Users\Public\Documents\Embarcadero\Studio\37.0\hpp\Win32 -fcxx-exceptions -fborland-extensions -fdiagnostics-format borland -nobuiltininc -nostdsysteminc -triple i686-pc-windows-omf -emit-obj -mrelocation-model static -masm-verbose -ffunction-sections -fexceptions -fseh -mstack-alignment=16 -fno-spell-checking -fno-use-cxa-atexit -fno-threadsafe-statics -x c++ -std=c++17 -O2 -fmath-errno -tP -tD -tM -tU -o \Win32\Release\HistoryComboBox.obj --auto-dependency-output -MT \Win32\Release\HistoryComboBox.obj -Wall  -Wno-ignored-attributes -Wno-padded -Wno-language-extension-token -Wno-c99-extensions -Wno-c++98-compat-pedantic -Wno-zero-as-null-pointer-constant -Wno-global-constructors packages\my\HistoryComboBox.cpp 
packages\my\HistoryComboBox.cpp(6,10): error F2110: 'PasTools.hpp' file not found [F:\DevProject\winscp\source\My.cbproj]
  #include "PasTools.hpp"
           ^~~~~~~~~~~~~~
  1 error generated.
Done Building Project "F:\DevProject\winscp\source\My.cbproj" (Rebuild target(s)) -- FAILED.

Build FAILED.

"F:\DevProject\winscp\source\My.cbproj" (Rebuild target) (1) ->
(_CLANGCoreCompile target) -> 
  packages\my\HistoryComboBox.cpp(6,10): error F2110: 'PasTools.hpp' file not found [F:\DevProject\winscp\source\My.cbproj]

    0 Warning(s)
    1 Error(s)

Time Elapsed 00:00:16.63
